// Jest Snapshot v1, https://goo.gl/fbAQLP

exports[`<UsersList/> component test with react-testing-library should match stored snapshot 1`] = `
Array [
  <h1>
    Users list
  </h1>,
  <ul>
    <li>
      Name: 
      First Name
      , Email: 
      myemail1@email.com
      , Website:
       
      www.website.com
    </li>
    <li>
      Name: 
      Second Name
      , Email: 
      myemai21@email.com
      , Website:
       
      www.website2.com
    </li>
    <li>
      Name: 
      Third Name
      , Email: 
      myemail3@email.com
      , Website:
       
      www.website3.com
    </li>
  </ul>,
]
`;
